#############################################################################
### This map was created automatically in class UcumCodesExtractor.java   ###
### from the file concepts.tsv downloaded from                            ###
### http://download.hl7.de/documents/ucum/ucumdata.html                   ###
### The keys are all common UCUM synonyms and the values valid UCUM code. ###
#############################################################################
/10^10	/10*10
/10^12	/10*12
/10^12\u0020RBCs	/10*12{rbc}
/10^6	/10*6
/10^9	/10*9
/100\u0020Sperm	/100{Spermatozoa}
/100\u0020WBCs	/100{WBC}
/Arbitrary\u0020Unit	/[arb'U]
/dl	/dL
/Entity	/{Entity}
/g\u0020Cre	/g{creat}
/g\u0020Hgb	/g{HGB}
/g\u0020Total\u0020Nitrogen	/g{tot'nit}
/g\u0020Total\u0020Protein	/g{tot'prot}
/g\u0020Wet\u0020Tissue	/g{wet'tis}
/kg\u0020Body\u0020Weight	/kg{body'wt}
/l	/L
/m^2	/m2
/ml	/mL
/mm^3	/uL
/Total	/{tot}
/ul	/uL
[APl'U]/ml	[APL'U]/mL
[arb'U]/l	[arb'U]/L
[arb'U]/ml	[arb'U]/mL
[CFU]/l	[CFU]/L
[CFU]/ml	[CFU]/mL
[drp]/ml	[drp]/mL
[GPl'U]/ml	[GPL'U]/mL
[iU]/dl	[iU]/dL
[IU]/dl	[IU]/dL
[iU]/l	[iU]/L
[IU]/l	[IU]/L
[IU]/l{37Cel}	[IU]/L{37Cel}
[iU]/ml	[iU]/mL
[IU]/ml	[IU]/mL
[MPl'U]/ml	[MPL'U]/mL
{#}/l	{#}/L
{#}/ml	{#}/mL
{#}/ul	{#}/uL
{Absorbance'U}/ml	{Absorbance'U}/mL
{Cells}/ml	{Cells}/mL
{cells}/ul	{cells}/uL
{Cells}/ul	{Cells}/uL
{cfu}/ml	{cfu}/mL
{copies}/ml	{copies}/mL
{Copies}/ml	{Copies}/mL
{Copies}/ul	{Copies}/uL
{Ehrlich_U}/dl	{Ehrlich_U}/dL
{Ehrlich'U}/dl	{Ehrlich'U}/dL
{Ehrlich'U}/ml	{Ehrlich'U}/mL
{EhrlichU}/dl	{EhrlichU}/dL
{Elisa_U}/ml	{Elisa_U}/mL
{Elisa'U}/ml	{Elisa'U}/mL
{ElisaU}/ml	{ElisaU}/mL
{ERY}/ul	{ERY}/uL
{genomes}/ml	{genomes}/mL
{JDF'U}/l	{JDF'U}/L
{KRONU'U}/l	{KRONU'U}/L
{KRONU'U}/ml	{KRONU'U}/mL
{log_copies}/ml	{log_copies}/mL
{log_IU}/ml	{log_IU}/mL
{MPS'U}/ml	{MPS'U}/mL
{RBC}/ul	{RBC}/uL
{spermatozoa}/ml	{spermatozoa}/mL
{Spermatozoa}/ml	{Spermatozoa}/mL
%\u00200-3\u0020h	%{0to3Hours}
%\u0020Abnormal	%{Abnormal}
%\u0020Activity	%{Activity}
%\u0020Bacteria	%{ofBacteria}
%\u0020Basal\u0020Activity	%{BasalActivity}
%\u0020Binding	%{Binding}
%\u0020Blockade	%{Blockade}
%\u0020Bound	%{Bound}
%\u0020CO\u0020Hgb	%{Carboxyhemoglobin}
%\u0020EOS\u0020Seen	%{EosSeen}
%\u0020Excretion	%{Excretion}
%\u0020Fetal\u0020RBC	%{FetalErythrocytes}
%\u0020Hemolysis	%{Hemolysis}
%\u0020Hgb	%{Hemoglobin}
%\u0020Hgb\u0020A1C	%{HemoglobinA1C}
%\u0020Hgb\u0020SAT	%{HemoglobinSaturation}
%\u0020Inhibition	%{Inhibition}
%\u0020Lymphs	%{OfLymphocytes}
%\u0020Normal	%{Normal}
%\u0020Normal\u0020Pooled\u0020Plasma	%{NormalPooledPlasma}
%\u0020of\u0020Total	%{Total}
%\u0020Oxygen	%{Oxygen}
%\u0020per\u0020100\u0020WBC	%/100{WBC}
%\u0020Positive	%{Positive}
%\u0020Sperm\u0020Motility	%{SpermMotility}
%\u0020Total\u0020Protein	%{TotalProtein}
%\u0020Uptake	%{Uptake}
%\u0020WBCs	%{OfWBCs}
10.l/(min.m2)	10.L/(min.m2)
10.l/min	10.L/min
10^12/l	10*12/L
10^12/L	10*12/L
10^3/l	10*3/L
10^3/L	10*3/L
10^3/ml	10*3/mL
10^3/mL	10*3/mL
10^3/ul	10*3/uL
10^3/uL	10*3/uL
10^3\u0020copies/ml	10*3{Copies}/mL
10^3\u0020copies/mL	10*3{Copies}/mL
10^6/l	10*6/L
10^6/L	10*6/L
10^6/ml	10*6/mL
10^6/mL	10*6/mL
10^6/ul	10*6/uL
10^6/uL	10*6/uL
10^6\u0020\u0020IU	10*6.[iU]
10^6\u0020eq/ml	10*6.eq/mL
10^6\u0020eq/mL	10*6.eq/mL
10^9/l	10*9/L
10^9/L	10*9/L
10^9/ml	10*9/mL
10^9/mL	10*9/mL
10^9/ul	10*9/uL
10^9/uL	10*9/uL
10*12/l	10*12/L
10*3/l	10*3/L
10*3/ml	10*3/mL
10*3/ul	10*3/uL
10*3{copies}/ml	10*3{copies}/mL
10*3{Copies}/ml	10*3{Copies}/mL
10*4/ul	10*4/uL
10*6/l	10*6/L
10*6/ml	10*6/mL
10*6/ul	10*6/uL
10*6.[CFU]/l	10*6.[CFU]/L
10*6.eq/ml	10*6.eq/mL
10*9/l	10*9/L
10*9/ml	10*9/mL
10*9/ul	10*9/uL
cc/dl	mL/dL
cc/dL	mL/dL
cells/ul	{Cells}/uL
cells/uL	{Cells}/uL
cfu/ml	{cfu}/mL
cfu/mL	{cfu}/mL
cl	cL
cm^2	cm2
cm[H2O]/l/s	cm[H2O]/L/s
Copies/ml	{Copies}/mL
Copies/mL	{Copies}/mL
Cup	[cup_us]
dal/min	daL/min
dal/min/m2	daL/min/m2
Deg	deg
dl	dL
dr	[dr_av]
eg/l	eq/L
eg/L	eq/L
Elisa\u0020U/ml	{Elisa_U}/mL
Elisa\u0020U/mL	{Elisa_U}/mL
eq/l	eq/L
eq/ml	eq/mL
EU/dl	{Ehrlich_U}/dL
EU/dL	{Ehrlich_U}/dL
fathom	[fth_i]
fl	fL
fl/nl	fL/nL
fl\u0020dr	[fdr_us]
fl\u0020oz	[foz_us]
fmol/gm	fmol/g
fmol/l	fmol/L
fmol/ml	fmol/mL
French\u0020Unit	[Ch]
ft	[ft_i]
ft^2	[sft_i]
g/dl	g/dL
g/g\u0020Cre	g/g{Cre}
g/l	g/L
g/m^2	g/m2
g/ml	g/mL
g/Total\u0020Weight	g/{TotalWeight}
gal	[gal_us]
gr	[gr]
Gram\u0020Meter	g.m
Gram\u0020Meter/Heartbeat	g.m/{hb}
Gram\u0020Meter/Heartbeat/m^2	g.m/({hb}.m2)
hl	hL
in	[in_i]
in^2	[sin_i]
in^3	[cin_i]
IU	[iU]
IU/dl	[iU]/dL
IU/dL	[iU]/dL
IU/g	[iU]/g
IU/g\u0020Hgb	[iU]/g{Hgb}
IU/kg	[iU]/kg
IU/l	[iU]/L
IU/L	[iU]/L
IU/ml	[iU]/mL
IU/mL	[iU]/mL
J/l	J/L
K/ul	10*3/uL
K/uL	10*3/uL
K/Watt	K/W
k[IU]/l	k[IU]/L
k[iU]/ml	k[iU]/mL
k[IU]/ml	k[IU]/mL
kat/l	kat/L
kg/l	kg/L
kg/m^2	kg/m2
kg/m^3	kg/m3
kIU/ml	k[iU]/mL
kIU/mL	k[iU]/mL
kl	kL
kU/l	kU/L
kU/l{class}	kU/L{class}
kU/ml	kU/mL
l	L
l/(24.h)	L/(24.h)
l/(8.h)	L/(8.h)
l/(min.m2)	L/(min.m2)
l/d	L/d
l/h	L/h
l/kg	L/kg
l/l	L/L
l/min	L/min
l/s	L/s
l/s/s2	L/s/s2
l.s2/s	L.s2/s
l\u0020s^2/s	L.s2/s
L\u0020s^2/s	L.s2/s
lb	[lb_av]
M/ul	10*6/uL
M/uL	10*6/uL
m^2	m2
m[IU]/l	m[IU]/L
m[IU]/ml	m[IU]/mL
mbar/l/s	mbar/L/s
mbar.s/l	mbar.s/L
meg/dl	meq/dL
meg/dL	meq/dL
meg/l	meq/L
meg/L	meq/L
meg/m^2	meq/m2
meq/dl	meq/dL
meq/g\u0020Cre	meq/g{Cre}
meq/l	meq/L
mEq/l	meq/L
mEq/L	meq/L
meq/ml	meq/mL
meq/Spec	meq/{Specimen}
Metric\u0020Ton	t
mg/dl	mg/dL
mg/dl{RBCs}	mg/dL{RBCs}
mg/g\u0020Cre	mg/g{Cre}
mg/l	mg/L
mg/l{RBCs}	mg/L{RBCs}
mg/m^2	mg/m2
mg/m^3	mg/m3
mg/mg\u0020Cre	mg/mg{Cre}
mg/ml	mg/mL
mg/Total\u0020Volume	mg/{TotalVolume}
mg/Volume	mg/{Volume}
mg{FEU}/l	mg{FEU}/L
mg{Phenylketones}/dl	mg{Phenylketones}/dL
mg\u0020Phe/dl	mg{Phenylketones}/dL
mg\u0020Phe/dL	mg{Phenylketones}/dL
mi	[mi_i]
ml	mL
ml/({h'b}.m2)	mL/({h'b}.m2)
ml/(10.h)	mL/(10.h)
ml/(12.h)	mL/(12.h)
ml/(2.h)	mL/(2.h)
ml/(24.h)	mL/(24.h)
ml/(4.h)	mL/(4.h)
ml/(5.h)	mL/(5.h)
ml/(6.h)	mL/(6.h)
ml/(72.h)	mL/(72.h)
ml/(8.h)	mL/(8.h)
ml/(kg.min)	mL/(kg.min)
ml/[sin_i]	mL/[sin_i]
ml/{beat}	mL/{beat}
ml/{beat}/m2	mL/{beat}/m2
ml/{h'b}	mL/{h'b}
ml/cm[H2O]	mL/cm[H2O]
ml/d	mL/d
ml/dl	mL/dL
ml/h	mL/h
ml/heart\u0020beat	mL/{h'b}
mL/heart\u0020beat	mL/{h'b}
ml/kg	mL/kg
ml/kg/(8.h)	mL/kg/(8.h)
ml/kg/d	mL/kg/d
ml/kg/h	mL/kg/h
ml/kg/min	mL/kg/min
ml/l	mL/L
ml/m2	mL/m2
ml/mbar	mL/mbar
ml/min	mL/min
ml/min/(173.10*-2.m2)	mL/min/(173.10*-2.m2)
ml/min/{1.73_m2}	mL/min/{1.73_m2}
ml/min/m2	mL/min/m2
ml/mm	mL/mm
ml/s	mL/s
ml{fetal_RBCs}	mL{fetal_RBCs}
mm^2	mm2
mm\u0020Hg	mm[Hg]
mmol/dl	mmol/dL
mmol/l	mmol/L
mmol/l/s	mmol/L/s
mmol/l{RBCs}	mmol/L{RBCs}
mmol/m^2	mmol/m2
mmol/mol\u0020Cre	mmol/mol{Cre}
mmol/s/l	mmol/s/L
mmol/Total\u0020Volume	mmol/{TotalVolume}
Mo	mo
mol/l	mol/L
mol/m^3	mol/m3
mol/ml	mol/mL
mOsm/kg	mosm/kg
mosm/l	mosm/L
mOsm/l	mosm/L
mOsm/L	mosm/L
mU/g\u0020Hgb	mU/g{Hgb}
mU/l	mU/L
mU/mg\u0020Cre	mU/mg{Cre}
mU/ml	mU/mL
mU/ml/min	mU/mL/min
n\u0020mile	[nmi_i]
ng/dl	ng/dL
ng/dl/h	ng/dL/h
ng/g\u0020Cre	ng/g{Cre}
ng/l	ng/L
ng/m^2	ng/m2
ng/mg\u0020Prot	ng/mg{Protein}
ng/ml	ng/mL
ng/ml/h	ng/mL/h
ng/ml{rbc}	ng/mL{rbc}
ng/ml{RBCs}	ng/mL{RBCs}
ng/ml\u0020RBCs	ng/mL{rbc}
ng/mL\u0020RBCs	ng/mL{rbc}
ng{FEU}/ml	ng{FEU}/mL
nl	nL
nm/s/l	nm/s/L
nmol/dl	nmol/dL
nmol/dl{GF}	nmol/dL{GF}
nmol/g\u0020Cre	nmol/g{Cre}
nmol/h/l	nmol/h/L
nmol/h/ml	nmol/h/mL
nmol/l	nmol/L
nmol/l/mmol{creat}	nmol/L/mmol{creat}
nmol/l/s	nmol/L/s
nmol/l{RBCs}	nmol/L{RBCs}
nmol/min/ml	nmol/min/mL
nmol/ml	nmol/mL
nmol/ml/h	nmol/mL/h
nmol/ml/min	nmol/mL/min
nmol/mmol\u0020Cre	nmol/mmol{Cre}
nmol/s/l	nmol/s/L
nmol{BCE}/l	nmol{BCE}/L
nU/ml	nU/mL
Osm/kg	osm/kg
osm/l	osm/L
Osm/l	osm/L
Osm/L	osm/L
oz	[oz_av]
pg/dl	pg/dL
pg/l	pg/L
pg/ml	pg/mL
pH	[pH]
pl	pL
pmol/dl	pmol/dL
pmol/h/ml	pmol/h/mL
pmol/l	pmol/L
pmol/ml	pmol/mL
pt	[pt_us]
qt	[qt_us]
sec	s
Sperm/ml	{Spermatozoa}/mL
Sperm/mL	{Spermatozoa}/mL
Ton	[ston_av]
tr\u0020oz	[oz_tr]
U/dl	U/dL
U/g\u0020Cre	U/g{Cre}
U/g\u0020Hgb	U/g{Hgb}
U/l	U/L
U/ml	U/mL
U/ml{RBC}	U/mL{RBC}
U/ml{RBCs}	U/mL{RBCs}
u[IU]/l	u[IU]/L
u[IU]/ml	u[IU]/mL
U{25Cel}/l	U{25Cel}/L
U{37Cel}/l	U{37Cel}/L
ueg/l	ueq/L
ueg/L	ueq/L
ueq/l	ueq/L
ueq/ml	ueq/mL
ug/dl	ug/dL
ug/dl{rbc}	ug/dL{rbc}
ug/dl{RBCs}	ug/dL{RBCs}
ug/dl\u0020RBCs	ug/dL{rbc}
ug/dL\u0020RBCs	ug/dL{rbc}
ug/g\u0020Cre	ug/g{Cre}
ug/g\u0020Dry\u0020Weight	ug/g{DryWeight}
ug/g\u0020Hgb	ug/g{Hgb}
ug/l	ug/L
ug/l/(24.h)	ug/L/(24.h)
ug/l{DDU}	ug/L{DDU}
ug/l{RBCs}	ug/L{RBCs}
ug/m^2	ug/m2
ug/mg\u0020Cre	ug/mg{Cre}
ug/ml	ug/mL
ug/ml{class}	ug/mL{class}
ug/ml{eqv}	ug/mL{eqv}
ug/ml{FEU}	ug/mL{FEU}
ug/Spec	ug/{Specimen}
ug/Total\u0020Volume	ug/{TotalVolume}
ug{FEU}/ml	ug{FEU}/mL
ug{T4}/dl	ug{T4}/dL
ul	uL
ul/(2.h)	uL/(2.h)
ul/h	uL/h
umol/dl	umol/dL
umol/dl{GF}	umol/dL{GF}
umol/g\u0020Cre	umol/g{Cre}
umol/g\u0020Hgb	umol/g{Hgb}
umol/h/l	umol/h/L
umol/l	umol/L
umol/l/h	umol/L/h
umol/l{rbc}	umol/L{rbc}
umol/l{RBCs}	umol/L{RBCs}
umol/mg\u0020Cre	umol/mg{Cre}
umol/min/l	umol/min/L
umol/ml	umol/mL
umol/ml/min	umol/mL/min
umol/mol\u0020Cre	umol/mol{Cre}
uU/l	uU/L
uU/ml	uU/mL
Volume\u0020%	%{vol}
x10^3	10*3
x10^3/mm^3	10*3/uL
x10^3\u0020RBCs	10*3.{RBC}
x10^5	10*5
x10^6	10*6
x10^6/mm^3	10*6/uL
x10^6/spec	10*6/{Specimen}
x10^8	10*8
yd	[yd_i]
yd^2	[syd_i]
yr	a
